// Jest Snapshot v1, https://goo.gl/fbAQLP

exports[`Avatar&Progress - basic tests Avatar&Progress matches its shallow snapshot 1`] = `
<styled.div>
  <styled.div>
    <styled.div
      className="avatar"
      src="/img/avatar.png"
    />
  </styled.div>
  <div>
    <styled.div>
      <div>
        <input
          accept="image/png,image/jpeg"
          type="file"
        />
        Click here to upload a png or jpeg file here (max 10 MB). This picture will be visible to employers, so choose one that is a good representation of you!
      </div>
    </styled.div>
  </div>
  <styled.div>
    <header>
      Your profile is 
      <strong>
        10
        %
      </strong>
       complete
    </header>
    <styled.div>
      <styled.div
        className="progressBar"
        onClick={[Function]}
        style={
          Object {
            "width": "10%",
          }
        }
      />
    </styled.div>
  </styled.div>
  <div>
    <p>
      This is your profile that will represent you when you apply for jobs on Jobbatical. By submitting an application, you will make your profile visible to the company youâ€™re applying to. Note that changes made here will also affect previously submitted applications.
    </p>
  </div>
</styled.div>
`;
